2025-05-09 19:25:54,161 [DEBUG]  Available web server routes: 
/conversations/<conversation_id:path>/messages     POST                           add_message
/conversations/<conversation_id:path>/tracker/events POST                           append_events
/webhooks/rasa                                     GET                            custom_webhook_RasaChatInput.health
/webhooks/rasa/webhook                             POST                           custom_webhook_RasaChatInput.receive
/webhooks/rest                                     GET                            custom_webhook_RestInput.health
/webhooks/rest/webhook                             POST                           custom_webhook_RestInput.receive
/model/test/intents                                POST                           evaluate_intents
/model/test/stories                                POST                           evaluate_stories
/conversations/<conversation_id:path>/execute      POST                           execute_action
/domain                                            GET                            get_domain
/                                                  GET                            hello
/model                                             PUT                            load_model
/model/parse                                       POST                           parse
/conversations/<conversation_id:path>/predict      POST                           predict
/conversations/<conversation_id:path>/tracker/events PUT                            replace_events
/conversations/<conversation_id:path>/story        GET                            retrieve_story
/conversations/<conversation_id:path>/tracker      GET                            retrieve_tracker
/status                                            GET                            status
/model/predict                                     POST                           tracker_predict
/model/train                                       POST                           train
/conversations/<conversation_id:path>/trigger_intent POST                           trigger_intent
/model                                             DELETE                         unload_model
/version                                           GET                            version
2025-05-09 19:25:54,161 [INFO ]  Starting Rasa server on http://0.0.0.0:5005
2025-05-09 19:25:54,162 [DEBUG]  Using the default number of Sanic workers (1).
2025-05-09 19:25:54,808 [DEBUG]  Skipping telemetry reporting: no license hash found.
2025-05-09 19:25:54,850 [DEBUG]  Connected to InMemoryTrackerStore.
2025-05-09 19:25:54,851 [DEBUG]  Connected to lock store 'InMemoryLockStore'.
2025-05-09 19:25:54,851 [DEBUG]  Instantiated NLG to 'TemplatedNaturalLanguageGenerator'.
2025-05-09 19:25:54,852 [INFO ]  Loading model models/20250509-191352-greasy-recall.tar.gz...
2025-05-09 19:25:55,430 [DEBUG]  Extracted model to '/tmp/tmp40jslyiy'.
2025-05-09 19:25:55,434 [DEBUG]  Node 'nlu_message_converter' loading 'NLUMessageConverter.load' and kwargs: '{}'.
2025-05-09 19:25:55,434 [DEBUG]  Node 'run_WhitespaceTokenizer0' loading 'WhitespaceTokenizer.load' and kwargs: '{}'.
2025-05-09 19:25:55,438 [DEBUG]  Node 'run_RegexFeaturizer1' loading 'RegexFeaturizer.load' and kwargs: '{}'.
2025-05-09 19:25:55,438 [DEBUG]  Resource 'train_RegexFeaturizer1' was requested for reading.
2025-05-09 19:25:55,438 [DEBUG]  Node 'run_LexicalSyntacticFeaturizer2' loading 'LexicalSyntacticFeaturizer.load' and kwargs: '{}'.
2025-05-09 19:25:55,438 [DEBUG]  Resource 'train_LexicalSyntacticFeaturizer2' was requested for reading.
2025-05-09 19:25:55,439 [DEBUG]  Node 'run_CountVectorsFeaturizer3' loading 'CountVectorsFeaturizer.load' and kwargs: '{}'.
2025-05-09 19:25:55,439 [DEBUG]  Resource 'train_CountVectorsFeaturizer3' was requested for reading.
2025-05-09 19:25:55,440 [DEBUG]  Node 'run_CountVectorsFeaturizer4' loading 'CountVectorsFeaturizer.load' and kwargs: '{}'.
2025-05-09 19:25:55,440 [DEBUG]  Resource 'train_CountVectorsFeaturizer4' was requested for reading.
2025-05-09 19:25:55,442 [DEBUG]  Node 'run_DIETClassifier5' loading 'DIETClassifier.load' and kwargs: '{}'.
2025-05-09 19:25:55,442 [DEBUG]  Resource 'train_DIETClassifier5' was requested for reading.
2025-05-09 19:25:55,445 [DEBUG]  Loading the model from /tmp/tmps3qekgoq/train_DIETClassifier5/DIETClassifier.tf_model with finetune_mode=False...
2025-05-09 19:25:55,503 [DEBUG]  You specified 'DIET' to train entities, but no entities are present in the training data. Skipping training of entities.
2025-05-09 19:25:55,552 [DEBUG]  Following metrics will be logged during training: 
2025-05-09 19:25:55,552 [DEBUG]    t_loss (total loss)
2025-05-09 19:25:55,553 [DEBUG]    i_acc (intent acc)
2025-05-09 19:25:55,553 [DEBUG]    i_loss (intent loss)
2025-05-09 19:26:11,351 [DEBUG]  Finished loading the model.
2025-05-09 19:26:11,351 [DEBUG]  Node 'run_EntitySynonymMapper6' loading 'EntitySynonymMapper.load' and kwargs: '{}'.
2025-05-09 19:26:11,352 [DEBUG]  Resource 'train_EntitySynonymMapper6' was requested for reading.
2025-05-09 19:26:11,352 [DEBUG]  Failed to load ABCMeta from model storage. Resource 'train_EntitySynonymMapper6' doesn't exist.
2025-05-09 19:26:11,352 [DEBUG]  Node 'run_ResponseSelector7' loading 'ResponseSelector.load' and kwargs: '{}'.
2025-05-09 19:26:11,353 [DEBUG]  Resource 'train_ResponseSelector7' was requested for reading.
2025-05-09 19:26:11,353 [DEBUG]  Failed to load ABCMeta from model storage. Resource 'train_ResponseSelector7' doesn't exist.
2025-05-09 19:26:11,353 [DEBUG]  Resource 'train_ResponseSelector7' was requested for reading.
2025-05-09 19:26:11,354 [DEBUG]  Failed to load ResponseSelector from model storage. Resource 'train_ResponseSelector7' doesn't exist.
2025-05-09 19:26:11,354 [DEBUG]  Node 'run_FallbackClassifier8' loading 'FallbackClassifier.load' and kwargs: '{}'.
2025-05-09 19:26:11,354 [DEBUG]  Node 'run_RegexMessageHandler' loading 'RegexMessageHandler.load' and kwargs: '{}'.
2025-05-09 19:26:11,354 [DEBUG]  Node 'domain_provider' loading 'DomainProvider.load' and kwargs: '{}'.
2025-05-09 19:26:11,355 [DEBUG]  Resource 'domain_provider' was requested for reading.
2025-05-09 19:26:11,382 [DEBUG]  Node 'run_MemoizationPolicy0' loading 'MemoizationPolicy.load' and kwargs: '{}'.
2025-05-09 19:26:11,383 [DEBUG]  Resource 'train_MemoizationPolicy0' was requested for reading.
2025-05-09 19:26:11,383 [DEBUG]  Node 'run_RulePolicy1' loading 'RulePolicy.load' and kwargs: '{}'.
2025-05-09 19:26:11,384 [DEBUG]  Resource 'train_RulePolicy1' was requested for reading.
2025-05-09 19:26:11,384 [DEBUG]  Node 'run_UnexpecTEDIntentPolicy2' loading 'UnexpecTEDIntentPolicy.load' and kwargs: '{}'.
2025-05-09 19:26:11,384 [DEBUG]  Resource 'train_UnexpecTEDIntentPolicy2' was requested for reading.
2025-05-09 19:26:11,388 [DEBUG]  Loading the model from /tmp/tmps3qekgoq/train_UnexpecTEDIntentPolicy2/unexpected_intent_policy.tf_model with finetune_mode=False...
2025-05-09 19:26:27,947 [DEBUG]  Finished loading the model.
2025-05-09 19:26:27,947 [WARNI]  The UnexpecTED Intent Policy is currently experimental and might change or be removed in the future 🔬 Please share your feedback on it in the forum (https://forum.rasa.com) to help us make this feature ready for production.
2025-05-09 19:26:27,948 [DEBUG]  Node 'run_TEDPolicy3' loading 'TEDPolicy.load' and kwargs: '{}'.
2025-05-09 19:26:27,949 [DEBUG]  Resource 'train_TEDPolicy3' was requested for reading.
2025-05-09 19:26:27,952 [DEBUG]  Loading the model from /tmp/tmps3qekgoq/train_TEDPolicy3/ted_policy.tf_model with finetune_mode=False...
2025-05-09 19:26:43,014 [DEBUG]  Finished loading the model.
2025-05-09 19:26:43,015 [DEBUG]  Node 'rule_only_data_provider' loading 'RuleOnlyDataProvider.load' and kwargs: '{}'.
2025-05-09 19:26:43,015 [DEBUG]  Resource 'train_RulePolicy1' was requested for reading.
2025-05-09 19:26:43,015 [DEBUG]  Node 'select_prediction' loading 'DefaultPolicyPredictionEnsemble.load' and kwargs: '{}'.
2025-05-09 19:26:43,025 [INFO ]  Rasa server is up and running.
2025-05-09 19:26:43,026 [INFO ]  Enabling coroutine debugging. Loop id 94256564473504.
2025-05-09 19:26:59,041 [DEBUG]  Issuing ticket for conversation 'PractikumStudent'.
2025-05-09 19:26:59,042 [DEBUG]  Acquiring lock for conversation 'PractikumStudent'.
2025-05-09 19:26:59,042 [DEBUG]  Acquired lock for conversation 'PractikumStudent'.
2025-05-09 19:26:59,042 [DEBUG]  Could not find tracker for conversation ID 'PractikumStudent'.
2025-05-09 19:26:59,043 [DEBUG]  No event broker configured. Skipping streaming events.
2025-05-09 19:26:59,043 [DEBUG]  Starting a new session for conversation ID 'PractikumStudent'.
2025-05-09 19:26:59,045 [DEBUG]  [[32m[1mdebug    [0m] [1mprocessor.actions.policy_prediction[0m [36mprediction_events[0m=[35m[][0m
2025-05-09 19:26:59,046 [DEBUG]  [[32m[1mdebug    [0m] [1mprocessor.actions.log         [0m [36maction_name[0m=[35maction_session_start[0m [36mrasa_events[0m=[35m[<rasa.shared.core.events.SessionStarted object at 0x7f3a5a7f6c50>, ActionExecuted(action: action_listen, policy: None, confidence: None)][0m
2025-05-09 19:26:59,046 [DEBUG]  [[32m[1mdebug    [0m] [1mprocessor.slots.log           [0m [36mslot_values[0m=[35m	topic: None
	session_started_metadata: None[0m
2025-05-09 19:26:59,047 [DEBUG]  Running graph with inputs: {'__message__': [<rasa.core.channels.channel.UserMessage object at 0x7f3a6c19ba60>], '__tracker__': <rasa.shared.core.trackers.DialogueStateTracker object at 0x7f3a6c0e5690>}, targets: ['run_RegexMessageHandler'] and ExecutionContext(model_id='0e5726e2801741e8b6ffa04c1a5e1030', should_add_diagnostic_data=False, is_finetuning=False, node_name=None).
2025-05-09 19:26:59,048 [DEBUG]  Node 'nlu_message_converter' running 'NLUMessageConverter.convert_user_message'.
2025-05-09 19:26:59,048 [DEBUG]  Node 'run_WhitespaceTokenizer0' running 'WhitespaceTokenizer.process'.
2025-05-09 19:26:59,050 [DEBUG]  Node 'run_RegexFeaturizer1' running 'RegexFeaturizer.process'.
2025-05-09 19:26:59,050 [DEBUG]  Node 'run_LexicalSyntacticFeaturizer2' running 'LexicalSyntacticFeaturizer.process'.
2025-05-09 19:26:59,051 [DEBUG]  Node 'run_CountVectorsFeaturizer3' running 'CountVectorsFeaturizer.process'.
2025-05-09 19:26:59,052 [DEBUG]  Node 'run_CountVectorsFeaturizer4' running 'CountVectorsFeaturizer.process'.
2025-05-09 19:26:59,053 [DEBUG]  Node 'run_DIETClassifier5' running 'DIETClassifier.process'.
2025-05-09 19:26:59,344 [DEBUG]  Node 'run_EntitySynonymMapper6' running 'EntitySynonymMapper.process'.
2025-05-09 19:26:59,344 [DEBUG]  Node 'run_ResponseSelector7' running 'ResponseSelector.process'.
2025-05-09 19:26:59,344 [DEBUG]  There is no trained model for 'ResponseSelector': The component is either not trained or didn't receive enough training data.
2025-05-09 19:26:59,345 [DEBUG]  Adding following selector key to message property: default
2025-05-09 19:26:59,345 [DEBUG]  Node 'run_FallbackClassifier8' running 'FallbackClassifier.process'.
2025-05-09 19:26:59,345 [DEBUG]  Node 'domain_provider' running 'DomainProvider.provide_inference'.
2025-05-09 19:26:59,346 [DEBUG]  Node 'run_RegexMessageHandler' running 'RegexMessageHandler.process'.
2025-05-09 19:26:59,346 [DEBUG]  [[32m[1mdebug    [0m] [1mprocessor.message.parse       [0m [36mparse_data_entities[0m=[35m[][0m [36mparse_data_intent[0m=[35m{'name': 'greet', 'confidence': 0.9999995231628418}[0m [36mparse_data_text[0m=[35mЗдравствуйте[0m
2025-05-09 19:26:59,347 [DEBUG]  Logged UserUtterance - tracker now has 4 events.
2025-05-09 19:26:59,348 [DEBUG]  Validating extracted slots: topic
2025-05-09 19:26:59,349 [DEBUG]  [[32m[1mdebug    [0m] [1mprocessor.extract.slots       [0m [36maction_extract_slot[0m=[35maction_extract_slots[0m [36mlen_extraction_events[0m=[35m1[0m [36mrasa_events[0m=[35m[SlotSet(key: topic, value: Здравствуйте)][0m
2025-05-09 19:26:59,349 [DEBUG]  Running graph with inputs: {'__tracker__': <rasa.shared.core.trackers.DialogueStateTracker object at 0x7f3a6c0e5690>}, targets: ['select_prediction'] and ExecutionContext(model_id='0e5726e2801741e8b6ffa04c1a5e1030', should_add_diagnostic_data=False, is_finetuning=False, node_name=None).
2025-05-09 19:26:59,350 [DEBUG]  Node 'rule_only_data_provider' running 'RuleOnlyDataProvider.provide'.
2025-05-09 19:26:59,350 [DEBUG]  Node 'domain_provider' running 'DomainProvider.provide_inference'.
2025-05-09 19:26:59,350 [DEBUG]  Node 'run_MemoizationPolicy0' running 'MemoizationPolicy.predict_action_probabilities'.
2025-05-09 19:26:59,351 [DEBUG]  [[32m[1mdebug    [0m] [1mmemoization.predict.actions   [0m [36mtracker_states[0m=[35m[{}, {'user': {'intent': 'greet'}, 'prev_action': {'action_name': 'action_listen'}}][0m
2025-05-09 19:26:59,352 [DEBUG]  There is a memorised next action 'utter_greet'
2025-05-09 19:26:59,352 [DEBUG]  Node 'run_RulePolicy1' running 'RulePolicy.predict_action_probabilities'.
2025-05-09 19:26:59,352 [DEBUG]  [[32m[1mdebug    [0m] [1mrule_policy.actions.find      [0m [36mcurrent_states[0m=[35m
[state 1] user text: Здравствуйте | previous action name: action_listen[0m
2025-05-09 19:26:59,353 [DEBUG]  There is no applicable rule.
2025-05-09 19:26:59,353 [DEBUG]  [[32m[1mdebug    [0m] [1mrule_policy.actions.find      [0m [36mcurrent_states[0m=[35m
[state 1] user intent: greet | previous action name: action_listen[0m
2025-05-09 19:26:59,354 [DEBUG]  There is a rule for the next action 'utter_greet'.
2025-05-09 19:26:59,354 [DEBUG]  Node 'run_TEDPolicy3' running 'TEDPolicy.predict_action_probabilities'.
2025-05-09 19:26:59,361 [DEBUG]  TED predicted 'utter_greet' based on user intent.
2025-05-09 19:26:59,361 [DEBUG]  Node 'run_UnexpecTEDIntentPolicy2' running 'UnexpecTEDIntentPolicy.predict_action_probabilities'.
2025-05-09 19:26:59,781 [DEBUG]  Querying for intent `greet`.
2025-05-09 19:26:59,781 [DEBUG]  Score for intent `greet` is `1.7446246147155762`, while threshold is `-1.353904366493225`.
2025-05-09 19:26:59,782 [DEBUG]  Top 5 intents (in ascending order) that are likely here are: `[('affirm', -1.7142327), ('session_start', -1.6495423), ('greet', 1.7446246), ('goodbye', 2.53685), ('request_info', 2.6366198)]`.
2025-05-09 19:26:59,782 [DEBUG]  Node 'select_prediction' running 'DefaultPolicyPredictionEnsemble.combine_predictions_from_kwargs'.
2025-05-09 19:26:59,783 [DEBUG]  Made prediction using user intent.
2025-05-09 19:26:59,783 [DEBUG]  Added `DefinePrevUserUtteredFeaturization(False)` event.
2025-05-09 19:26:59,783 [DEBUG]  Predicted next action using RulePolicy.
2025-05-09 19:26:59,784 [DEBUG]  Predicted next action 'utter_greet' with confidence 1.00.
2025-05-09 19:26:59,785 [DEBUG]  [[32m[1mdebug    [0m] [1mprocessor.actions.policy_prediction[0m [36mprediction_events[0m=[35m[<rasa.shared.core.events.DefinePrevUserUtteredFeaturization object at 0x7f3a5a7f7760>][0m
2025-05-09 19:26:59,785 [DEBUG]  [[32m[1mdebug    [0m] [1mprocessor.actions.log         [0m [36maction_name[0m=[35mutter_greet[0m [36mrasa_events[0m=[35m[BotUttered('Привет! Чем могу помочь в области архитектуры программного обеспечения?', {"elements": null, "quick_replies": null, "buttons": null, "attachment": null, "image": null, "custom": null}, {"utter_action": "utter_greet"}, 1746818819.785124)][0m
2025-05-09 19:26:59,786 [DEBUG]  Running graph with inputs: {'__tracker__': <rasa.shared.core.trackers.DialogueStateTracker object at 0x7f3a6c0e5690>}, targets: ['select_prediction'] and ExecutionContext(model_id='0e5726e2801741e8b6ffa04c1a5e1030', should_add_diagnostic_data=False, is_finetuning=False, node_name=None).
2025-05-09 19:26:59,787 [DEBUG]  Node 'rule_only_data_provider' running 'RuleOnlyDataProvider.provide'.
2025-05-09 19:26:59,787 [DEBUG]  Node 'domain_provider' running 'DomainProvider.provide_inference'.
2025-05-09 19:26:59,787 [DEBUG]  Node 'run_MemoizationPolicy0' running 'MemoizationPolicy.predict_action_probabilities'.
2025-05-09 19:26:59,788 [DEBUG]  [[32m[1mdebug    [0m] [1mmemoization.predict.actions   [0m [36mtracker_states[0m=[35m[{}, {'user': {'intent': 'greet'}, 'prev_action': {'action_name': 'action_listen'}}, {'user': {'intent': 'greet'}, 'prev_action': {'action_name': 'utter_greet'}}][0m
2025-05-09 19:26:59,788 [DEBUG]  There is a memorised next action 'action_listen'
2025-05-09 19:26:59,788 [DEBUG]  Node 'run_RulePolicy1' running 'RulePolicy.predict_action_probabilities'.
2025-05-09 19:26:59,789 [DEBUG]  [[32m[1mdebug    [0m] [1mrule_policy.actions.find      [0m [36mcurrent_states[0m=[35m
[state 1] user intent: greet | previous action name: action_listen
[state 2] user intent: greet | previous action name: utter_greet[0m
2025-05-09 19:26:59,789 [DEBUG]  There is a rule for the next action 'action_listen'.
2025-05-09 19:26:59,790 [DEBUG]  Node 'run_TEDPolicy3' running 'TEDPolicy.predict_action_probabilities'.
2025-05-09 19:26:59,796 [DEBUG]  TED predicted 'action_listen' based on user intent.
2025-05-09 19:26:59,797 [DEBUG]  Node 'run_UnexpecTEDIntentPolicy2' running 'UnexpecTEDIntentPolicy.predict_action_probabilities'.
2025-05-09 19:26:59,797 [DEBUG]  Skipping predictions for UnexpecTEDIntentPolicy as either there is no event of type `UserUttered`, event's intent is new and not in domain or there is an event of type `ActionExecuted` after the last `UserUttered`.
2025-05-09 19:26:59,798 [DEBUG]  Node 'select_prediction' running 'DefaultPolicyPredictionEnsemble.combine_predictions_from_kwargs'.
2025-05-09 19:26:59,798 [DEBUG]  Predicted next action using RulePolicy.
2025-05-09 19:26:59,798 [DEBUG]  Predicted next action 'action_listen' with confidence 1.00.
2025-05-09 19:26:59,799 [DEBUG]  [[32m[1mdebug    [0m] [1mprocessor.actions.policy_prediction[0m [36mprediction_events[0m=[35m[][0m
2025-05-09 19:26:59,799 [DEBUG]  [[32m[1mdebug    [0m] [1mprocessor.actions.log         [0m [36maction_name[0m=[35maction_listen[0m [36mrasa_events[0m=[35m[][0m
2025-05-09 19:26:59,800 [DEBUG]  No event broker configured. Skipping streaming events.
2025-05-09 19:26:59,800 [DEBUG]  Deleted lock for conversation 'PractikumStudent'.
2025-05-09 19:27:07,302 [DEBUG]  Issuing ticket for conversation 'PractikumStudent'.
2025-05-09 19:27:07,303 [DEBUG]  Acquiring lock for conversation 'PractikumStudent'.
2025-05-09 19:27:07,303 [DEBUG]  Acquired lock for conversation 'PractikumStudent'.
2025-05-09 19:27:07,303 [DEBUG]  Recreating tracker for id 'PractikumStudent'
2025-05-09 19:27:07,305 [DEBUG]  Running graph with inputs: {'__message__': [<rasa.core.channels.channel.UserMessage object at 0x7f3a87deac80>], '__tracker__': <rasa.shared.core.trackers.DialogueStateTracker object at 0x7f3a6c0e6320>}, targets: ['run_RegexMessageHandler'] and ExecutionContext(model_id='0e5726e2801741e8b6ffa04c1a5e1030', should_add_diagnostic_data=False, is_finetuning=False, node_name=None).
2025-05-09 19:27:07,306 [DEBUG]  Node 'nlu_message_converter' running 'NLUMessageConverter.convert_user_message'.
2025-05-09 19:27:07,306 [DEBUG]  Node 'run_WhitespaceTokenizer0' running 'WhitespaceTokenizer.process'.
2025-05-09 19:27:07,307 [DEBUG]  Node 'run_RegexFeaturizer1' running 'RegexFeaturizer.process'.
2025-05-09 19:27:07,307 [DEBUG]  Node 'run_LexicalSyntacticFeaturizer2' running 'LexicalSyntacticFeaturizer.process'.
2025-05-09 19:27:07,308 [DEBUG]  Node 'run_CountVectorsFeaturizer3' running 'CountVectorsFeaturizer.process'.
2025-05-09 19:27:07,309 [DEBUG]  Node 'run_CountVectorsFeaturizer4' running 'CountVectorsFeaturizer.process'.
2025-05-09 19:27:07,310 [DEBUG]  Node 'run_DIETClassifier5' running 'DIETClassifier.process'.
2025-05-09 19:27:07,323 [DEBUG]  Node 'run_EntitySynonymMapper6' running 'EntitySynonymMapper.process'.
2025-05-09 19:27:07,323 [DEBUG]  Node 'run_ResponseSelector7' running 'ResponseSelector.process'.
2025-05-09 19:27:07,324 [DEBUG]  There is no trained model for 'ResponseSelector': The component is either not trained or didn't receive enough training data.
2025-05-09 19:27:07,324 [DEBUG]  Adding following selector key to message property: default
2025-05-09 19:27:07,324 [DEBUG]  Node 'run_FallbackClassifier8' running 'FallbackClassifier.process'.
2025-05-09 19:27:07,325 [DEBUG]  Node 'domain_provider' running 'DomainProvider.provide_inference'.
2025-05-09 19:27:07,325 [DEBUG]  Node 'run_RegexMessageHandler' running 'RegexMessageHandler.process'.
2025-05-09 19:27:07,326 [DEBUG]  [[32m[1mdebug    [0m] [1mprocessor.message.parse       [0m [36mparse_data_entities[0m=[35m[][0m [36mparse_data_intent[0m=[35m{'name': 'ask_architecture', 'confidence': 1.0}[0m [36mparse_data_text[0m=[35mРасскажите об архитектуре ПО[0m
2025-05-09 19:27:07,326 [DEBUG]  Logged UserUtterance - tracker now has 10 events.
2025-05-09 19:27:07,327 [DEBUG]  Validating extracted slots: topic
2025-05-09 19:27:07,327 [DEBUG]  [[32m[1mdebug    [0m] [1mprocessor.extract.slots       [0m [36maction_extract_slot[0m=[35maction_extract_slots[0m [36mlen_extraction_events[0m=[35m1[0m [36mrasa_events[0m=[35m[SlotSet(key: topic, value: Расскажите об архитектуре ПО)][0m
2025-05-09 19:27:07,328 [DEBUG]  Running graph with inputs: {'__tracker__': <rasa.shared.core.trackers.DialogueStateTracker object at 0x7f3a6c0e6320>}, targets: ['select_prediction'] and ExecutionContext(model_id='0e5726e2801741e8b6ffa04c1a5e1030', should_add_diagnostic_data=False, is_finetuning=False, node_name=None).
2025-05-09 19:27:07,328 [DEBUG]  Node 'rule_only_data_provider' running 'RuleOnlyDataProvider.provide'.
2025-05-09 19:27:07,329 [DEBUG]  Node 'domain_provider' running 'DomainProvider.provide_inference'.
2025-05-09 19:27:07,329 [DEBUG]  Node 'run_MemoizationPolicy0' running 'MemoizationPolicy.predict_action_probabilities'.
2025-05-09 19:27:07,330 [DEBUG]  [[32m[1mdebug    [0m] [1mmemoization.predict.actions   [0m [36mtracker_states[0m=[35m[{}, {'user': {'intent': 'greet'}, 'prev_action': {'action_name': 'action_listen'}}, {'user': {'intent': 'greet'}, 'prev_action': {'action_name': 'utter_greet'}}, {'user': {'intent': 'ask_architecture'}, 'prev_action': {'action_name': 'action_listen'}}][0m
2025-05-09 19:27:07,330 [DEBUG]  There is a memorised next action 'utter_architecture_response'
2025-05-09 19:27:07,331 [DEBUG]  Node 'run_RulePolicy1' running 'RulePolicy.predict_action_probabilities'.
2025-05-09 19:27:07,331 [DEBUG]  [[32m[1mdebug    [0m] [1mrule_policy.actions.find      [0m [36mcurrent_states[0m=[35m
[state 1] user intent: greet | previous action name: action_listen
[state 2] user intent: greet | previous action name: utter_greet
[state 3] user text: Расскажите об архитектуре ПО | previous action name: action_listen[0m
2025-05-09 19:27:07,332 [DEBUG]  There is no applicable rule.
2025-05-09 19:27:07,332 [DEBUG]  [[32m[1mdebug    [0m] [1mrule_policy.actions.find      [0m [36mcurrent_states[0m=[35m
[state 1] user intent: greet | previous action name: action_listen
[state 2] user intent: greet | previous action name: utter_greet
[state 3] user intent: ask_architecture | previous action name: action_listen[0m
2025-05-09 19:27:07,333 [DEBUG]  There is a rule for the next action 'utter_architecture_response'.
2025-05-09 19:27:07,333 [DEBUG]  Node 'run_TEDPolicy3' running 'TEDPolicy.predict_action_probabilities'.
2025-05-09 19:27:07,341 [DEBUG]  TED predicted 'utter_architecture_response' based on user intent.
2025-05-09 19:27:07,342 [DEBUG]  Node 'run_UnexpecTEDIntentPolicy2' running 'UnexpecTEDIntentPolicy.predict_action_probabilities'.
2025-05-09 19:27:07,349 [DEBUG]  Querying for intent `ask_architecture`.
2025-05-09 19:27:07,349 [DEBUG]  Score for intent `ask_architecture` is `1.740738034248352`, while threshold is `-1.9142752885818481`.
2025-05-09 19:27:07,349 [DEBUG]  Top 5 intents (in ascending order) that are likely here are: `[('goodbye', -1.774189), ('restart', -1.6718428), ('out_of_scope', -1.6349713), ('greet', -1.3554196), ('ask_architecture', 1.740738)]`.
2025-05-09 19:27:07,350 [DEBUG]  Node 'select_prediction' running 'DefaultPolicyPredictionEnsemble.combine_predictions_from_kwargs'.
2025-05-09 19:27:07,350 [DEBUG]  Made prediction using user intent.
2025-05-09 19:27:07,351 [DEBUG]  Added `DefinePrevUserUtteredFeaturization(False)` event.
2025-05-09 19:27:07,351 [DEBUG]  Predicted next action using RulePolicy.
2025-05-09 19:27:07,351 [DEBUG]  Predicted next action 'utter_architecture_response' with confidence 1.00.
2025-05-09 19:27:07,352 [DEBUG]  [[32m[1mdebug    [0m] [1mprocessor.actions.policy_prediction[0m [36mprediction_events[0m=[35m[<rasa.shared.core.events.DefinePrevUserUtteredFeaturization object at 0x7f3a5a7f7c70>][0m
2025-05-09 19:27:07,353 [DEBUG]  [[32m[1mdebug    [0m] [1mprocessor.actions.log         [0m [36maction_name[0m=[35mutter_architecture_response[0m [36mrasa_events[0m=[35m[BotUttered('Архитектура ПО включает выбор структур, которые обеспечивают масштабируемость, гибкость и поддерживаемость приложения. Задайте конкретный вопрос по этой теме, и я помогу вам с информацией.', {"elements": null, "quick_replies": null, "buttons": null, "attachment": null, "image": null, "custom": null}, {"utter_action": "utter_architecture_response"}, 1746818827.3524854)][0m
2025-05-09 19:27:07,353 [DEBUG]  Running graph with inputs: {'__tracker__': <rasa.shared.core.trackers.DialogueStateTracker object at 0x7f3a6c0e6320>}, targets: ['select_prediction'] and ExecutionContext(model_id='0e5726e2801741e8b6ffa04c1a5e1030', should_add_diagnostic_data=False, is_finetuning=False, node_name=None).
2025-05-09 19:27:07,354 [DEBUG]  Node 'rule_only_data_provider' running 'RuleOnlyDataProvider.provide'.
2025-05-09 19:27:07,354 [DEBUG]  Node 'domain_provider' running 'DomainProvider.provide_inference'.
2025-05-09 19:27:07,354 [DEBUG]  Node 'run_MemoizationPolicy0' running 'MemoizationPolicy.predict_action_probabilities'.
2025-05-09 19:27:07,355 [DEBUG]  [[32m[1mdebug    [0m] [1mmemoization.predict.actions   [0m [36mtracker_states[0m=[35m[{}, {'user': {'intent': 'greet'}, 'prev_action': {'action_name': 'action_listen'}}, {'user': {'intent': 'greet'}, 'prev_action': {'action_name': 'utter_greet'}}, {'user': {'intent': 'ask_architecture'}, 'prev_action': {'action_name': 'action_listen'}}, {'user': {'intent': 'ask_architecture'}, 'prev_action': {'action_name': 'utter_architecture_response'}}][0m
2025-05-09 19:27:07,356 [DEBUG]  There is a memorised next action 'action_listen'
2025-05-09 19:27:07,356 [DEBUG]  Node 'run_RulePolicy1' running 'RulePolicy.predict_action_probabilities'.
2025-05-09 19:27:07,357 [DEBUG]  [[32m[1mdebug    [0m] [1mrule_policy.actions.find      [0m [36mcurrent_states[0m=[35m
[state 1] user intent: greet | previous action name: action_listen
[state 2] user intent: greet | previous action name: utter_greet
[state 3] user intent: ask_architecture | previous action name: action_listen
[state 4] user intent: ask_architecture | previous action name: utter_architecture_response[0m
2025-05-09 19:27:07,357 [DEBUG]  There is a rule for the next action 'action_listen'.
2025-05-09 19:27:07,357 [DEBUG]  Node 'run_TEDPolicy3' running 'TEDPolicy.predict_action_probabilities'.
2025-05-09 19:27:07,365 [DEBUG]  TED predicted 'action_listen' based on user intent.
2025-05-09 19:27:07,365 [DEBUG]  Node 'run_UnexpecTEDIntentPolicy2' running 'UnexpecTEDIntentPolicy.predict_action_probabilities'.
2025-05-09 19:27:07,366 [DEBUG]  Skipping predictions for UnexpecTEDIntentPolicy as either there is no event of type `UserUttered`, event's intent is new and not in domain or there is an event of type `ActionExecuted` after the last `UserUttered`.
2025-05-09 19:27:07,366 [DEBUG]  Node 'select_prediction' running 'DefaultPolicyPredictionEnsemble.combine_predictions_from_kwargs'.
2025-05-09 19:27:07,367 [DEBUG]  Predicted next action using RulePolicy.
2025-05-09 19:27:07,367 [DEBUG]  Predicted next action 'action_listen' with confidence 1.00.
2025-05-09 19:27:07,368 [DEBUG]  [[32m[1mdebug    [0m] [1mprocessor.actions.policy_prediction[0m [36mprediction_events[0m=[35m[][0m
2025-05-09 19:27:07,368 [DEBUG]  [[32m[1mdebug    [0m] [1mprocessor.actions.log         [0m [36maction_name[0m=[35maction_listen[0m [36mrasa_events[0m=[35m[][0m
2025-05-09 19:27:07,368 [DEBUG]  No event broker configured. Skipping streaming events.
2025-05-09 19:27:07,369 [DEBUG]  Deleted lock for conversation 'PractikumStudent'.
2025-05-09 19:27:17,606 [DEBUG]  Issuing ticket for conversation 'PractikumStudent'.
2025-05-09 19:27:17,607 [DEBUG]  Acquiring lock for conversation 'PractikumStudent'.
2025-05-09 19:27:17,607 [DEBUG]  Acquired lock for conversation 'PractikumStudent'.
2025-05-09 19:27:17,607 [DEBUG]  Recreating tracker for id 'PractikumStudent'
2025-05-09 19:27:17,609 [DEBUG]  Running graph with inputs: {'__message__': [<rasa.core.channels.channel.UserMessage object at 0x7f3a87deac80>], '__tracker__': <rasa.shared.core.trackers.DialogueStateTracker object at 0x7f3a5b077280>}, targets: ['run_RegexMessageHandler'] and ExecutionContext(model_id='0e5726e2801741e8b6ffa04c1a5e1030', should_add_diagnostic_data=False, is_finetuning=False, node_name=None).
2025-05-09 19:27:17,610 [DEBUG]  Node 'nlu_message_converter' running 'NLUMessageConverter.convert_user_message'.
2025-05-09 19:27:17,610 [DEBUG]  Node 'run_WhitespaceTokenizer0' running 'WhitespaceTokenizer.process'.
2025-05-09 19:27:17,611 [DEBUG]  Node 'run_RegexFeaturizer1' running 'RegexFeaturizer.process'.
2025-05-09 19:27:17,611 [DEBUG]  Node 'run_LexicalSyntacticFeaturizer2' running 'LexicalSyntacticFeaturizer.process'.
2025-05-09 19:27:17,612 [DEBUG]  Node 'run_CountVectorsFeaturizer3' running 'CountVectorsFeaturizer.process'.
2025-05-09 19:27:17,613 [DEBUG]  Node 'run_CountVectorsFeaturizer4' running 'CountVectorsFeaturizer.process'.
2025-05-09 19:27:17,614 [DEBUG]  Node 'run_DIETClassifier5' running 'DIETClassifier.process'.
2025-05-09 19:27:17,625 [DEBUG]  Node 'run_EntitySynonymMapper6' running 'EntitySynonymMapper.process'.
2025-05-09 19:27:17,625 [DEBUG]  Node 'run_ResponseSelector7' running 'ResponseSelector.process'.
2025-05-09 19:27:17,626 [DEBUG]  There is no trained model for 'ResponseSelector': The component is either not trained or didn't receive enough training data.
2025-05-09 19:27:17,626 [DEBUG]  Adding following selector key to message property: default
2025-05-09 19:27:17,626 [DEBUG]  Node 'run_FallbackClassifier8' running 'FallbackClassifier.process'.
2025-05-09 19:27:17,627 [DEBUG]  Node 'domain_provider' running 'DomainProvider.provide_inference'.
2025-05-09 19:27:17,627 [DEBUG]  Node 'run_RegexMessageHandler' running 'RegexMessageHandler.process'.
2025-05-09 19:27:17,627 [DEBUG]  [[32m[1mdebug    [0m] [1mprocessor.message.parse       [0m [36mparse_data_entities[0m=[35m[][0m [36mparse_data_intent[0m=[35m{'name': 'request_info', 'confidence': 0.9999979734420776}[0m [36mparse_data_text[0m=[35mКакие есть детали?[0m
2025-05-09 19:27:17,628 [DEBUG]  Logged UserUtterance - tracker now has 16 events.
2025-05-09 19:27:17,629 [DEBUG]  Validating extracted slots: topic
2025-05-09 19:27:17,629 [DEBUG]  [[32m[1mdebug    [0m] [1mprocessor.extract.slots       [0m [36maction_extract_slot[0m=[35maction_extract_slots[0m [36mlen_extraction_events[0m=[35m1[0m [36mrasa_events[0m=[35m[SlotSet(key: topic, value: Какие есть детали?)][0m
2025-05-09 19:27:17,629 [DEBUG]  Running graph with inputs: {'__tracker__': <rasa.shared.core.trackers.DialogueStateTracker object at 0x7f3a5b077280>}, targets: ['select_prediction'] and ExecutionContext(model_id='0e5726e2801741e8b6ffa04c1a5e1030', should_add_diagnostic_data=False, is_finetuning=False, node_name=None).
2025-05-09 19:27:17,630 [DEBUG]  Node 'rule_only_data_provider' running 'RuleOnlyDataProvider.provide'.
2025-05-09 19:27:17,630 [DEBUG]  Node 'domain_provider' running 'DomainProvider.provide_inference'.
2025-05-09 19:27:17,631 [DEBUG]  Node 'run_MemoizationPolicy0' running 'MemoizationPolicy.predict_action_probabilities'.
2025-05-09 19:27:17,632 [DEBUG]  [[32m[1mdebug    [0m] [1mmemoization.predict.actions   [0m [36mtracker_states[0m=[35m[{}, {'user': {'intent': 'greet'}, 'prev_action': {'action_name': 'action_listen'}}, {'user': {'intent': 'greet'}, 'prev_action': {'action_name': 'utter_greet'}}, {'user': {'intent': 'ask_architecture'}, 'prev_action': {'action_name': 'action_listen'}}, {'user': {'intent': 'ask_architecture'}, 'prev_action': {'action_name': 'utter_architecture_response'}}, {'user': {'intent': 'request_info'}, 'prev_action': {'action_name': 'action_listen'}}][0m
2025-05-09 19:27:17,632 [DEBUG]  There is no memorised next action
2025-05-09 19:27:17,632 [DEBUG]  Node 'run_RulePolicy1' running 'RulePolicy.predict_action_probabilities'.
2025-05-09 19:27:17,633 [DEBUG]  [[32m[1mdebug    [0m] [1mrule_policy.actions.find      [0m [36mcurrent_states[0m=[35m
[state 1] user intent: greet | previous action name: action_listen
[state 2] user intent: greet | previous action name: utter_greet
[state 3] user intent: ask_architecture | previous action name: action_listen
[state 4] user intent: ask_architecture | previous action name: utter_architecture_response
[state 5] user text: Какие есть детали? | previous action name: action_listen[0m
2025-05-09 19:27:17,633 [DEBUG]  There is no applicable rule.
2025-05-09 19:27:17,634 [DEBUG]  [[32m[1mdebug    [0m] [1mrule_policy.actions.find      [0m [36mcurrent_states[0m=[35m
[state 1] user intent: greet | previous action name: action_listen
[state 2] user intent: greet | previous action name: utter_greet
[state 3] user intent: ask_architecture | previous action name: action_listen
[state 4] user intent: ask_architecture | previous action name: utter_architecture_response
[state 5] user intent: request_info | previous action name: action_listen[0m
2025-05-09 19:27:17,634 [DEBUG]  There is a rule for the next action 'utter_ask_more'.
2025-05-09 19:27:17,635 [DEBUG]  Node 'run_TEDPolicy3' running 'TEDPolicy.predict_action_probabilities'.
2025-05-09 19:27:17,642 [DEBUG]  TED predicted 'utter_ask_more' based on user intent.
2025-05-09 19:27:17,643 [DEBUG]  Node 'run_UnexpecTEDIntentPolicy2' running 'UnexpecTEDIntentPolicy.predict_action_probabilities'.
2025-05-09 19:27:17,651 [DEBUG]  Querying for intent `request_info`.
2025-05-09 19:27:17,652 [DEBUG]  Score for intent `request_info` is `2.6772589683532715`, while threshold is `-2.018918037414551`.
2025-05-09 19:27:17,652 [DEBUG]  Top 5 intents (in ascending order) that are likely here are: `[('back', -1.6364279), ('session_start', -1.5928082), ('greet', 1.8308219), ('goodbye', 2.56672), ('request_info', 2.677259)]`.
2025-05-09 19:27:17,653 [DEBUG]  Node 'select_prediction' running 'DefaultPolicyPredictionEnsemble.combine_predictions_from_kwargs'.
2025-05-09 19:27:17,653 [DEBUG]  Made prediction using user intent.
2025-05-09 19:27:17,654 [DEBUG]  Added `DefinePrevUserUtteredFeaturization(False)` event.
2025-05-09 19:27:17,654 [DEBUG]  Predicted next action using RulePolicy.
2025-05-09 19:27:17,655 [DEBUG]  Predicted next action 'utter_ask_more' with confidence 1.00.
2025-05-09 19:27:17,656 [DEBUG]  [[32m[1mdebug    [0m] [1mprocessor.actions.policy_prediction[0m [36mprediction_events[0m=[35m[<rasa.shared.core.events.DefinePrevUserUtteredFeaturization object at 0x7f3a5a7f75b0>][0m
2025-05-09 19:27:17,656 [DEBUG]  [[32m[1mdebug    [0m] [1mprocessor.actions.log         [0m [36maction_name[0m=[35mutter_ask_more[0m [36mrasa_events[0m=[35m[BotUttered('Что именно вас интересует в архитектуре программного обеспечения?', {"elements": null, "quick_replies": null, "buttons": null, "attachment": null, "image": null, "custom": null}, {"utter_action": "utter_ask_more"}, 1746818837.655898)][0m
2025-05-09 19:27:17,657 [DEBUG]  Running graph with inputs: {'__tracker__': <rasa.shared.core.trackers.DialogueStateTracker object at 0x7f3a5b077280>}, targets: ['select_prediction'] and ExecutionContext(model_id='0e5726e2801741e8b6ffa04c1a5e1030', should_add_diagnostic_data=False, is_finetuning=False, node_name=None).
2025-05-09 19:27:17,658 [DEBUG]  Node 'rule_only_data_provider' running 'RuleOnlyDataProvider.provide'.
2025-05-09 19:27:17,658 [DEBUG]  Node 'domain_provider' running 'DomainProvider.provide_inference'.
2025-05-09 19:27:17,658 [DEBUG]  Node 'run_MemoizationPolicy0' running 'MemoizationPolicy.predict_action_probabilities'.
2025-05-09 19:27:17,659 [DEBUG]  [[32m[1mdebug    [0m] [1mmemoization.predict.actions   [0m [36mtracker_states[0m=[35m[{}, {'user': {'intent': 'greet'}, 'prev_action': {'action_name': 'action_listen'}}, {'user': {'intent': 'greet'}, 'prev_action': {'action_name': 'utter_greet'}}, {'user': {'intent': 'ask_architecture'}, 'prev_action': {'action_name': 'action_listen'}}, {'user': {'intent': 'ask_architecture'}, 'prev_action': {'action_name': 'utter_architecture_response'}}, {'user': {'intent': 'request_info'}, 'prev_action': {'action_name': 'action_listen'}}, {'user': {'intent': 'request_info'}, 'prev_action': {'action_name': 'utter_ask_more'}}][0m
2025-05-09 19:27:17,660 [DEBUG]  There is no memorised next action
2025-05-09 19:27:17,660 [DEBUG]  Node 'run_RulePolicy1' running 'RulePolicy.predict_action_probabilities'.
2025-05-09 19:27:17,661 [DEBUG]  [[32m[1mdebug    [0m] [1mrule_policy.actions.find      [0m [36mcurrent_states[0m=[35m
[state 1] user intent: greet | previous action name: action_listen
[state 2] user intent: greet | previous action name: utter_greet
[state 3] user intent: ask_architecture | previous action name: action_listen
[state 4] user intent: ask_architecture | previous action name: utter_architecture_response
[state 5] user intent: request_info | previous action name: action_listen
[state 6] user intent: request_info | previous action name: utter_ask_more[0m
2025-05-09 19:27:17,661 [DEBUG]  There is a rule for the next action 'action_listen'.
2025-05-09 19:27:17,662 [DEBUG]  Node 'run_TEDPolicy3' running 'TEDPolicy.predict_action_probabilities'.
2025-05-09 19:27:17,670 [DEBUG]  TED predicted 'action_listen' based on user intent.
2025-05-09 19:27:17,670 [DEBUG]  Node 'run_UnexpecTEDIntentPolicy2' running 'UnexpecTEDIntentPolicy.predict_action_probabilities'.
2025-05-09 19:27:17,671 [DEBUG]  Skipping predictions for UnexpecTEDIntentPolicy as either there is no event of type `UserUttered`, event's intent is new and not in domain or there is an event of type `ActionExecuted` after the last `UserUttered`.
2025-05-09 19:27:17,671 [DEBUG]  Node 'select_prediction' running 'DefaultPolicyPredictionEnsemble.combine_predictions_from_kwargs'.
2025-05-09 19:27:17,671 [DEBUG]  Predicted next action using RulePolicy.
2025-05-09 19:27:17,672 [DEBUG]  Predicted next action 'action_listen' with confidence 1.00.
2025-05-09 19:27:17,672 [DEBUG]  [[32m[1mdebug    [0m] [1mprocessor.actions.policy_prediction[0m [36mprediction_events[0m=[35m[][0m
2025-05-09 19:27:17,673 [DEBUG]  [[32m[1mdebug    [0m] [1mprocessor.actions.log         [0m [36maction_name[0m=[35maction_listen[0m [36mrasa_events[0m=[35m[][0m
2025-05-09 19:27:17,673 [DEBUG]  No event broker configured. Skipping streaming events.
2025-05-09 19:27:17,674 [DEBUG]  Deleted lock for conversation 'PractikumStudent'.
2025-05-09 19:27:24,786 [DEBUG]  Issuing ticket for conversation 'PractikumStudent'.
2025-05-09 19:27:24,786 [DEBUG]  Acquiring lock for conversation 'PractikumStudent'.
2025-05-09 19:27:24,787 [DEBUG]  Acquired lock for conversation 'PractikumStudent'.
2025-05-09 19:27:24,787 [DEBUG]  Recreating tracker for id 'PractikumStudent'
2025-05-09 19:27:24,789 [DEBUG]  Running graph with inputs: {'__message__': [<rasa.core.channels.channel.UserMessage object at 0x7f3a6c7e95a0>], '__tracker__': <rasa.shared.core.trackers.DialogueStateTracker object at 0x7f3a6c0e6a70>}, targets: ['run_RegexMessageHandler'] and ExecutionContext(model_id='0e5726e2801741e8b6ffa04c1a5e1030', should_add_diagnostic_data=False, is_finetuning=False, node_name=None).
2025-05-09 19:27:24,790 [DEBUG]  Node 'nlu_message_converter' running 'NLUMessageConverter.convert_user_message'.
2025-05-09 19:27:24,790 [DEBUG]  Node 'run_WhitespaceTokenizer0' running 'WhitespaceTokenizer.process'.
2025-05-09 19:27:24,791 [DEBUG]  Node 'run_RegexFeaturizer1' running 'RegexFeaturizer.process'.
2025-05-09 19:27:24,791 [DEBUG]  Node 'run_LexicalSyntacticFeaturizer2' running 'LexicalSyntacticFeaturizer.process'.
2025-05-09 19:27:24,792 [DEBUG]  Node 'run_CountVectorsFeaturizer3' running 'CountVectorsFeaturizer.process'.
2025-05-09 19:27:24,793 [DEBUG]  Node 'run_CountVectorsFeaturizer4' running 'CountVectorsFeaturizer.process'.
2025-05-09 19:27:24,794 [DEBUG]  Node 'run_DIETClassifier5' running 'DIETClassifier.process'.
2025-05-09 19:27:24,806 [DEBUG]  Node 'run_EntitySynonymMapper6' running 'EntitySynonymMapper.process'.
2025-05-09 19:27:24,807 [DEBUG]  Node 'run_ResponseSelector7' running 'ResponseSelector.process'.
2025-05-09 19:27:24,807 [DEBUG]  There is no trained model for 'ResponseSelector': The component is either not trained or didn't receive enough training data.
2025-05-09 19:27:24,807 [DEBUG]  Adding following selector key to message property: default
2025-05-09 19:27:24,807 [DEBUG]  Node 'run_FallbackClassifier8' running 'FallbackClassifier.process'.
2025-05-09 19:27:24,808 [DEBUG]  Node 'domain_provider' running 'DomainProvider.provide_inference'.
2025-05-09 19:27:24,808 [DEBUG]  Node 'run_RegexMessageHandler' running 'RegexMessageHandler.process'.
2025-05-09 19:27:24,809 [DEBUG]  [[32m[1mdebug    [0m] [1mprocessor.message.parse       [0m [36mparse_data_entities[0m=[35m[][0m [36mparse_data_intent[0m=[35m{'name': 'ask_architecture', 'confidence': 0.9999998807907104}[0m [36mparse_data_text[0m=[35mЧто такое микросервисная архитектура?[0m
2025-05-09 19:27:24,809 [DEBUG]  Logged UserUtterance - tracker now has 22 events.
2025-05-09 19:27:24,810 [DEBUG]  Validating extracted slots: topic
2025-05-09 19:27:24,810 [DEBUG]  [[32m[1mdebug    [0m] [1mprocessor.extract.slots       [0m [36maction_extract_slot[0m=[35maction_extract_slots[0m [36mlen_extraction_events[0m=[35m1[0m [36mrasa_events[0m=[35m[SlotSet(key: topic, value: Что такое микросервисная архитектура?)][0m
2025-05-09 19:27:24,810 [DEBUG]  Running graph with inputs: {'__tracker__': <rasa.shared.core.trackers.DialogueStateTracker object at 0x7f3a6c0e6a70>}, targets: ['select_prediction'] and ExecutionContext(model_id='0e5726e2801741e8b6ffa04c1a5e1030', should_add_diagnostic_data=False, is_finetuning=False, node_name=None).
2025-05-09 19:27:24,811 [DEBUG]  Node 'rule_only_data_provider' running 'RuleOnlyDataProvider.provide'.
2025-05-09 19:27:24,811 [DEBUG]  Node 'domain_provider' running 'DomainProvider.provide_inference'.
2025-05-09 19:27:24,812 [DEBUG]  Node 'run_MemoizationPolicy0' running 'MemoizationPolicy.predict_action_probabilities'.
2025-05-09 19:27:24,813 [DEBUG]  [[32m[1mdebug    [0m] [1mmemoization.predict.actions   [0m [36mtracker_states[0m=[35m[{}, {'user': {'intent': 'greet'}, 'prev_action': {'action_name': 'action_listen'}}, {'user': {'intent': 'greet'}, 'prev_action': {'action_name': 'utter_greet'}}, {'user': {'intent': 'ask_architecture'}, 'prev_action': {'action_name': 'action_listen'}}, {'user': {'intent': 'ask_architecture'}, 'prev_action': {'action_name': 'utter_architecture_response'}}, {'user': {'intent': 'request_info'}, 'prev_action': {'action_name': 'action_listen'}}, {'user': {'intent': 'request_info'}, 'prev_action': {'action_name': 'utter_ask_more'}}, {'user': {'intent': 'ask_architecture'}, 'prev_action': {'action_name': 'action_listen'}}][0m
2025-05-09 19:27:24,813 [DEBUG]  There is no memorised next action
2025-05-09 19:27:24,813 [DEBUG]  Node 'run_RulePolicy1' running 'RulePolicy.predict_action_probabilities'.
2025-05-09 19:27:24,814 [DEBUG]  [[32m[1mdebug    [0m] [1mrule_policy.actions.find      [0m [36mcurrent_states[0m=[35m
[state 1] user intent: greet | previous action name: action_listen
[state 2] user intent: greet | previous action name: utter_greet
[state 3] user intent: ask_architecture | previous action name: action_listen
[state 4] user intent: ask_architecture | previous action name: utter_architecture_response
[state 5] user intent: request_info | previous action name: action_listen
[state 6] user intent: request_info | previous action name: utter_ask_more
[state 7] user text: Что такое микросервисная архитектура? | previous action name: action_listen[0m
2025-05-09 19:27:24,814 [DEBUG]  There is no applicable rule.
2025-05-09 19:27:24,815 [DEBUG]  [[32m[1mdebug    [0m] [1mrule_policy.actions.find      [0m [36mcurrent_states[0m=[35m
[state 1] user intent: greet | previous action name: action_listen
[state 2] user intent: greet | previous action name: utter_greet
[state 3] user intent: ask_architecture | previous action name: action_listen
[state 4] user intent: ask_architecture | previous action name: utter_architecture_response
[state 5] user intent: request_info | previous action name: action_listen
[state 6] user intent: request_info | previous action name: utter_ask_more
[state 7] user intent: ask_architecture | previous action name: action_listen[0m
2025-05-09 19:27:24,816 [DEBUG]  There is a rule for the next action 'utter_architecture_response'.
2025-05-09 19:27:24,816 [DEBUG]  Node 'run_TEDPolicy3' running 'TEDPolicy.predict_action_probabilities'.
2025-05-09 19:27:24,824 [DEBUG]  TED predicted 'utter_architecture_response' based on user intent.
2025-05-09 19:27:24,825 [DEBUG]  Node 'run_UnexpecTEDIntentPolicy2' running 'UnexpecTEDIntentPolicy.predict_action_probabilities'.
2025-05-09 19:27:24,832 [DEBUG]  Querying for intent `ask_architecture`.
2025-05-09 19:27:24,833 [DEBUG]  Score for intent `ask_architecture` is `-2.0620079040527344`, while threshold is `-1.9142752885818481`.
2025-05-09 19:27:24,833 [DEBUG]  Top 5 intents (in ascending order) that are likely here are: `[('affirm', -1.6276176), ('session_start', -1.6100788), ('greet', 1.8937279), ('goodbye', 2.6886399), ('request_info', 2.7657642)]`.
2025-05-09 19:27:24,833 [DEBUG]  Intent `ask_architecture-1` unlikely to occur here.
2025-05-09 19:27:24,834 [DEBUG]  Node 'select_prediction' running 'DefaultPolicyPredictionEnsemble.combine_predictions_from_kwargs'.
2025-05-09 19:27:24,834 [DEBUG]  Made prediction using user intent.
2025-05-09 19:27:24,834 [DEBUG]  Added `DefinePrevUserUtteredFeaturization(False)` event.
2025-05-09 19:27:24,834 [DEBUG]  Predicted next action using RulePolicy.
2025-05-09 19:27:24,835 [DEBUG]  Predicted next action 'utter_architecture_response' with confidence 1.00.
2025-05-09 19:27:24,836 [DEBUG]  [[32m[1mdebug    [0m] [1mprocessor.actions.policy_prediction[0m [36mprediction_events[0m=[35m[<rasa.shared.core.events.DefinePrevUserUtteredFeaturization object at 0x7f3a5a7f7b80>][0m
2025-05-09 19:27:24,836 [DEBUG]  [[32m[1mdebug    [0m] [1mprocessor.actions.log         [0m [36maction_name[0m=[35mutter_architecture_response[0m [36mrasa_events[0m=[35m[BotUttered('Архитектура ПО включает выбор структур, которые обеспечивают масштабируемость, гибкость и поддерживаемость приложения. Задайте конкретный вопрос по этой теме, и я помогу вам с информацией.', {"elements": null, "quick_replies": null, "buttons": null, "attachment": null, "image": null, "custom": null}, {"utter_action": "utter_architecture_response"}, 1746818844.8360558)][0m
2025-05-09 19:27:24,837 [DEBUG]  Running graph with inputs: {'__tracker__': <rasa.shared.core.trackers.DialogueStateTracker object at 0x7f3a6c0e6a70>}, targets: ['select_prediction'] and ExecutionContext(model_id='0e5726e2801741e8b6ffa04c1a5e1030', should_add_diagnostic_data=False, is_finetuning=False, node_name=None).
2025-05-09 19:27:24,837 [DEBUG]  Node 'rule_only_data_provider' running 'RuleOnlyDataProvider.provide'.
2025-05-09 19:27:24,838 [DEBUG]  Node 'domain_provider' running 'DomainProvider.provide_inference'.
2025-05-09 19:27:24,838 [DEBUG]  Node 'run_MemoizationPolicy0' running 'MemoizationPolicy.predict_action_probabilities'.
2025-05-09 19:27:24,839 [DEBUG]  [[32m[1mdebug    [0m] [1mmemoization.predict.actions   [0m [36mtracker_states[0m=[35m[{}, {'user': {'intent': 'greet'}, 'prev_action': {'action_name': 'action_listen'}}, {'user': {'intent': 'greet'}, 'prev_action': {'action_name': 'utter_greet'}}, {'user': {'intent': 'ask_architecture'}, 'prev_action': {'action_name': 'action_listen'}}, {'user': {'intent': 'ask_architecture'}, 'prev_action': {'action_name': 'utter_architecture_response'}}, {'user': {'intent': 'request_info'}, 'prev_action': {'action_name': 'action_listen'}}, {'user': {'intent': 'request_info'}, 'prev_action': {'action_name': 'utter_ask_more'}}, {'user': {'intent': 'ask_architecture'}, 'prev_action': {'action_name': 'action_listen'}}, {'user': {'intent': 'ask_architecture'}, 'prev_action': {'action_name': 'utter_architecture_response'}}][0m
2025-05-09 19:27:24,839 [DEBUG]  There is no memorised next action
2025-05-09 19:27:24,840 [DEBUG]  Node 'run_RulePolicy1' running 'RulePolicy.predict_action_probabilities'.
2025-05-09 19:27:24,840 [DEBUG]  [[32m[1mdebug    [0m] [1mrule_policy.actions.find      [0m [36mcurrent_states[0m=[35m
[state 1] user intent: greet | previous action name: action_listen
[state 2] user intent: greet | previous action name: utter_greet
[state 3] user intent: ask_architecture | previous action name: action_listen
[state 4] user intent: ask_architecture | previous action name: utter_architecture_response
[state 5] user intent: request_info | previous action name: action_listen
[state 6] user intent: request_info | previous action name: utter_ask_more
[state 7] user intent: ask_architecture | previous action name: action_listen
[state 8] user intent: ask_architecture | previous action name: utter_architecture_response[0m
2025-05-09 19:27:24,841 [DEBUG]  There is a rule for the next action 'action_listen'.
2025-05-09 19:27:24,841 [DEBUG]  Node 'run_TEDPolicy3' running 'TEDPolicy.predict_action_probabilities'.
2025-05-09 19:27:24,849 [DEBUG]  TED predicted 'action_listen' based on user intent.
2025-05-09 19:27:24,849 [DEBUG]  Node 'run_UnexpecTEDIntentPolicy2' running 'UnexpecTEDIntentPolicy.predict_action_probabilities'.
2025-05-09 19:27:24,850 [DEBUG]  Skipping predictions for UnexpecTEDIntentPolicy as either there is no event of type `UserUttered`, event's intent is new and not in domain or there is an event of type `ActionExecuted` after the last `UserUttered`.
2025-05-09 19:27:24,850 [DEBUG]  Node 'select_prediction' running 'DefaultPolicyPredictionEnsemble.combine_predictions_from_kwargs'.
2025-05-09 19:27:24,850 [DEBUG]  Predicted next action using RulePolicy.
2025-05-09 19:27:24,851 [DEBUG]  Predicted next action 'action_listen' with confidence 1.00.
2025-05-09 19:27:24,851 [DEBUG]  [[32m[1mdebug    [0m] [1mprocessor.actions.policy_prediction[0m [36mprediction_events[0m=[35m[][0m
2025-05-09 19:27:24,852 [DEBUG]  [[32m[1mdebug    [0m] [1mprocessor.actions.log         [0m [36maction_name[0m=[35maction_listen[0m [36mrasa_events[0m=[35m[][0m
2025-05-09 19:27:24,852 [DEBUG]  No event broker configured. Skipping streaming events.
2025-05-09 19:27:24,853 [DEBUG]  Deleted lock for conversation 'PractikumStudent'.
2025-05-09 19:27:32,768 [DEBUG]  Issuing ticket for conversation 'PractikumStudent'.
2025-05-09 19:27:32,768 [DEBUG]  Acquiring lock for conversation 'PractikumStudent'.
2025-05-09 19:27:32,768 [DEBUG]  Acquired lock for conversation 'PractikumStudent'.
2025-05-09 19:27:32,768 [DEBUG]  Recreating tracker for id 'PractikumStudent'
2025-05-09 19:27:32,771 [DEBUG]  Running graph with inputs: {'__message__': [<rasa.core.channels.channel.UserMessage object at 0x7f3a87b23cd0>], '__tracker__': <rasa.shared.core.trackers.DialogueStateTracker object at 0x7f3a5b077790>}, targets: ['run_RegexMessageHandler'] and ExecutionContext(model_id='0e5726e2801741e8b6ffa04c1a5e1030', should_add_diagnostic_data=False, is_finetuning=False, node_name=None).
2025-05-09 19:27:32,772 [DEBUG]  Node 'nlu_message_converter' running 'NLUMessageConverter.convert_user_message'.
2025-05-09 19:27:32,773 [DEBUG]  Node 'run_WhitespaceTokenizer0' running 'WhitespaceTokenizer.process'.
2025-05-09 19:27:32,773 [DEBUG]  Node 'run_RegexFeaturizer1' running 'RegexFeaturizer.process'.
2025-05-09 19:27:32,773 [DEBUG]  Node 'run_LexicalSyntacticFeaturizer2' running 'LexicalSyntacticFeaturizer.process'.
2025-05-09 19:27:32,774 [DEBUG]  Node 'run_CountVectorsFeaturizer3' running 'CountVectorsFeaturizer.process'.
2025-05-09 19:27:32,775 [DEBUG]  Node 'run_CountVectorsFeaturizer4' running 'CountVectorsFeaturizer.process'.
2025-05-09 19:27:32,776 [DEBUG]  Node 'run_DIETClassifier5' running 'DIETClassifier.process'.
2025-05-09 19:27:32,787 [DEBUG]  Node 'run_EntitySynonymMapper6' running 'EntitySynonymMapper.process'.
2025-05-09 19:27:32,788 [DEBUG]  Node 'run_ResponseSelector7' running 'ResponseSelector.process'.
2025-05-09 19:27:32,788 [DEBUG]  There is no trained model for 'ResponseSelector': The component is either not trained or didn't receive enough training data.
2025-05-09 19:27:32,788 [DEBUG]  Adding following selector key to message property: default
2025-05-09 19:27:32,789 [DEBUG]  Node 'run_FallbackClassifier8' running 'FallbackClassifier.process'.
2025-05-09 19:27:32,789 [DEBUG]  Node 'domain_provider' running 'DomainProvider.provide_inference'.
2025-05-09 19:27:32,789 [DEBUG]  Node 'run_RegexMessageHandler' running 'RegexMessageHandler.process'.
2025-05-09 19:27:32,790 [DEBUG]  [[32m[1mdebug    [0m] [1mprocessor.message.parse       [0m [36mparse_data_entities[0m=[35m[][0m [36mparse_data_intent[0m=[35m{'name': 'goodbye', 'confidence': 0.9999998807907104}[0m [36mparse_data_text[0m=[35mПока[0m
2025-05-09 19:27:32,791 [DEBUG]  Logged UserUtterance - tracker now has 28 events.
2025-05-09 19:27:32,791 [DEBUG]  Validating extracted slots: topic
2025-05-09 19:27:32,791 [DEBUG]  [[32m[1mdebug    [0m] [1mprocessor.extract.slots       [0m [36maction_extract_slot[0m=[35maction_extract_slots[0m [36mlen_extraction_events[0m=[35m1[0m [36mrasa_events[0m=[35m[SlotSet(key: topic, value: Пока)][0m
2025-05-09 19:27:32,792 [DEBUG]  Running graph with inputs: {'__tracker__': <rasa.shared.core.trackers.DialogueStateTracker object at 0x7f3a5b077790>}, targets: ['select_prediction'] and ExecutionContext(model_id='0e5726e2801741e8b6ffa04c1a5e1030', should_add_diagnostic_data=False, is_finetuning=False, node_name=None).
2025-05-09 19:27:32,792 [DEBUG]  Node 'rule_only_data_provider' running 'RuleOnlyDataProvider.provide'.
2025-05-09 19:27:32,793 [DEBUG]  Node 'domain_provider' running 'DomainProvider.provide_inference'.
2025-05-09 19:27:32,793 [DEBUG]  Node 'run_MemoizationPolicy0' running 'MemoizationPolicy.predict_action_probabilities'.
2025-05-09 19:27:32,794 [DEBUG]  [[32m[1mdebug    [0m] [1mmemoization.predict.actions   [0m [36mtracker_states[0m=[35m[{}, {'user': {'intent': 'greet'}, 'prev_action': {'action_name': 'action_listen'}}, {'user': {'intent': 'greet'}, 'prev_action': {'action_name': 'utter_greet'}}, {'user': {'intent': 'ask_architecture'}, 'prev_action': {'action_name': 'action_listen'}}, {'user': {'intent': 'ask_architecture'}, 'prev_action': {'action_name': 'utter_architecture_response'}}, {'user': {'intent': 'request_info'}, 'prev_action': {'action_name': 'action_listen'}}, {'user': {'intent': 'request_info'}, 'prev_action': {'action_name': 'utter_ask_more'}}, {'user': {'intent': 'ask_architecture'}, 'prev_action': {'action_name': 'action_listen'}}, {'user': {'intent': 'ask_architecture'}, 'prev_action': {'action_name': 'utter_architecture_response'}}, {'user': {'intent': 'goodbye'}, 'prev_action': {'action_name': 'action_listen'}}][0m
2025-05-09 19:27:32,795 [DEBUG]  There is no memorised next action
2025-05-09 19:27:32,795 [DEBUG]  Node 'run_RulePolicy1' running 'RulePolicy.predict_action_probabilities'.
2025-05-09 19:27:32,796 [DEBUG]  [[32m[1mdebug    [0m] [1mrule_policy.actions.find      [0m [36mcurrent_states[0m=[35m
[state 1] user intent: greet | previous action name: action_listen
[state 2] user intent: greet | previous action name: utter_greet
[state 3] user intent: ask_architecture | previous action name: action_listen
[state 4] user intent: ask_architecture | previous action name: utter_architecture_response
[state 5] user intent: request_info | previous action name: action_listen
[state 6] user intent: request_info | previous action name: utter_ask_more
[state 7] user intent: ask_architecture | previous action name: action_listen
[state 8] user intent: ask_architecture | previous action name: utter_architecture_response
[state 9] user text: Пока | previous action name: action_listen[0m
2025-05-09 19:27:32,797 [DEBUG]  There is no applicable rule.
2025-05-09 19:27:32,797 [DEBUG]  [[32m[1mdebug    [0m] [1mrule_policy.actions.find      [0m [36mcurrent_states[0m=[35m
[state 1] user intent: greet | previous action name: action_listen
[state 2] user intent: greet | previous action name: utter_greet
[state 3] user intent: ask_architecture | previous action name: action_listen
[state 4] user intent: ask_architecture | previous action name: utter_architecture_response
[state 5] user intent: request_info | previous action name: action_listen
[state 6] user intent: request_info | previous action name: utter_ask_more
[state 7] user intent: ask_architecture | previous action name: action_listen
[state 8] user intent: ask_architecture | previous action name: utter_architecture_response
[state 9] user intent: goodbye | previous action name: action_listen[0m
2025-05-09 19:27:32,798 [DEBUG]  There is a rule for the next action 'utter_goodbye'.
2025-05-09 19:27:32,798 [DEBUG]  Node 'run_TEDPolicy3' running 'TEDPolicy.predict_action_probabilities'.
2025-05-09 19:27:32,806 [DEBUG]  TED predicted 'utter_goodbye' based on user intent.
2025-05-09 19:27:32,807 [DEBUG]  Node 'run_UnexpecTEDIntentPolicy2' running 'UnexpecTEDIntentPolicy.predict_action_probabilities'.
2025-05-09 19:27:32,814 [DEBUG]  Querying for intent `goodbye`.
2025-05-09 19:27:32,815 [DEBUG]  Score for intent `goodbye` is `2.6330337524414062`, while threshold is `-1.7741891145706177`.
2025-05-09 19:27:32,815 [DEBUG]  Top 5 intents (in ascending order) that are likely here are: `[('back', -1.6039997), ('session_start', -1.5308614), ('greet', 1.8780795), ('goodbye', 2.6330338), ('request_info', 2.7497456)]`.
2025-05-09 19:27:32,816 [DEBUG]  Node 'select_prediction' running 'DefaultPolicyPredictionEnsemble.combine_predictions_from_kwargs'.
2025-05-09 19:27:32,816 [DEBUG]  Made prediction using user intent.
2025-05-09 19:27:32,816 [DEBUG]  Added `DefinePrevUserUtteredFeaturization(False)` event.
2025-05-09 19:27:32,817 [DEBUG]  Predicted next action using RulePolicy.
2025-05-09 19:27:32,817 [DEBUG]  Predicted next action 'utter_goodbye' with confidence 1.00.
2025-05-09 19:27:32,818 [DEBUG]  [[32m[1mdebug    [0m] [1mprocessor.actions.policy_prediction[0m [36mprediction_events[0m=[35m[<rasa.shared.core.events.DefinePrevUserUtteredFeaturization object at 0x7f3a5b0775b0>][0m
2025-05-09 19:27:32,819 [DEBUG]  [[32m[1mdebug    [0m] [1mprocessor.actions.log         [0m [36maction_name[0m=[35mutter_goodbye[0m [36mrasa_events[0m=[35m[BotUttered('До свидания! Если появятся вопросы по архитектуре ПО, обращайтесь.', {"elements": null, "quick_replies": null, "buttons": null, "attachment": null, "image": null, "custom": null}, {"utter_action": "utter_goodbye"}, 1746818852.8185067)][0m
2025-05-09 19:27:32,819 [DEBUG]  Running graph with inputs: {'__tracker__': <rasa.shared.core.trackers.DialogueStateTracker object at 0x7f3a5b077790>}, targets: ['select_prediction'] and ExecutionContext(model_id='0e5726e2801741e8b6ffa04c1a5e1030', should_add_diagnostic_data=False, is_finetuning=False, node_name=None).
2025-05-09 19:27:32,820 [DEBUG]  Node 'rule_only_data_provider' running 'RuleOnlyDataProvider.provide'.
2025-05-09 19:27:32,820 [DEBUG]  Node 'domain_provider' running 'DomainProvider.provide_inference'.
2025-05-09 19:27:32,821 [DEBUG]  Node 'run_MemoizationPolicy0' running 'MemoizationPolicy.predict_action_probabilities'.
2025-05-09 19:27:32,822 [DEBUG]  [[32m[1mdebug    [0m] [1mmemoization.predict.actions   [0m [36mtracker_states[0m=[35m[{}, {'user': {'intent': 'greet'}, 'prev_action': {'action_name': 'action_listen'}}, {'user': {'intent': 'greet'}, 'prev_action': {'action_name': 'utter_greet'}}, {'user': {'intent': 'ask_architecture'}, 'prev_action': {'action_name': 'action_listen'}}, {'user': {'intent': 'ask_architecture'}, 'prev_action': {'action_name': 'utter_architecture_response'}}, {'user': {'intent': 'request_info'}, 'prev_action': {'action_name': 'action_listen'}}, {'user': {'intent': 'request_info'}, 'prev_action': {'action_name': 'utter_ask_more'}}, {'user': {'intent': 'ask_architecture'}, 'prev_action': {'action_name': 'action_listen'}}, {'user': {'intent': 'ask_architecture'}, 'prev_action': {'action_name': 'utter_architecture_response'}}, {'user': {'intent': 'goodbye'}, 'prev_action': {'action_name': 'action_listen'}}, {'user': {'intent': 'goodbye'}, 'prev_action': {'action_name': 'utter_goodbye'}}][0m
2025-05-09 19:27:32,822 [DEBUG]  There is no memorised next action
2025-05-09 19:27:32,823 [DEBUG]  Node 'run_RulePolicy1' running 'RulePolicy.predict_action_probabilities'.
2025-05-09 19:27:32,824 [DEBUG]  [[32m[1mdebug    [0m] [1mrule_policy.actions.find      [0m [36mcurrent_states[0m=[35m
[state 1] user intent: greet | previous action name: action_listen
[state 2] user intent: greet | previous action name: utter_greet
[state 3] user intent: ask_architecture | previous action name: action_listen
[state 4] user intent: ask_architecture | previous action name: utter_architecture_response
[state 5] user intent: request_info | previous action name: action_listen
[state 6] user intent: request_info | previous action name: utter_ask_more
[state 7] user intent: ask_architecture | previous action name: action_listen
[state 8] user intent: ask_architecture | previous action name: utter_architecture_response
[state 9] user intent: goodbye | previous action name: action_listen
[state 10] user intent: goodbye | previous action name: utter_goodbye[0m
2025-05-09 19:27:32,824 [DEBUG]  There is a rule for the next action 'action_listen'.
2025-05-09 19:27:32,824 [DEBUG]  Node 'run_TEDPolicy3' running 'TEDPolicy.predict_action_probabilities'.
2025-05-09 19:27:32,834 [DEBUG]  TED predicted 'action_listen' based on user intent.
2025-05-09 19:27:32,834 [DEBUG]  Node 'run_UnexpecTEDIntentPolicy2' running 'UnexpecTEDIntentPolicy.predict_action_probabilities'.
2025-05-09 19:27:32,835 [DEBUG]  Skipping predictions for UnexpecTEDIntentPolicy as either there is no event of type `UserUttered`, event's intent is new and not in domain or there is an event of type `ActionExecuted` after the last `UserUttered`.
2025-05-09 19:27:32,835 [DEBUG]  Node 'select_prediction' running 'DefaultPolicyPredictionEnsemble.combine_predictions_from_kwargs'.
2025-05-09 19:27:32,835 [DEBUG]  Predicted next action using RulePolicy.
2025-05-09 19:27:32,836 [DEBUG]  Predicted next action 'action_listen' with confidence 1.00.
2025-05-09 19:27:32,836 [DEBUG]  [[32m[1mdebug    [0m] [1mprocessor.actions.policy_prediction[0m [36mprediction_events[0m=[35m[][0m
2025-05-09 19:27:32,837 [DEBUG]  [[32m[1mdebug    [0m] [1mprocessor.actions.log         [0m [36maction_name[0m=[35maction_listen[0m [36mrasa_events[0m=[35m[][0m
2025-05-09 19:27:32,837 [DEBUG]  No event broker configured. Skipping streaming events.
2025-05-09 19:27:32,838 [DEBUG]  Deleted lock for conversation 'PractikumStudent'.
